<wasm func #0> +1
  <wasm func #1> +1
    <wasm func #2> +1
      !trap[UNREACHABLE]
