memory.new initial=1 max=1
i32.load            mem0[00000000] -> 61626364
i32.store           mem0[00000001] <- 64636261
i64.load            mem0[00000000] -> 6161626364666768
i64.store           mem0[00000002] <- 6867666463626161
f32.load            mem0[00000000] -> 61616161
f32.store           mem0[00000003] <- 61616161
f64.load            mem0[00000000] -> 6161616161616166
f64.store           mem0[00000004] <- 6661616161616161
v128.load           mem0[00000000] -> 6161616161616161616161666D6E6F70
v128.store          mem0[00000005] <- 706F6E6D66616161_6161616161616161
