func #0:
   +9 struct.new[type=1]                           x 11
  +13 struct.new_default[type=1]                   x 11
  +23 array.new[type=0]                            x 11, total=55
  +29 array.new_default[type=0]                    x 11, total=55
  +37 array.new_elem[type=0,elem=0]                x 11, total=22
