func "_start":
  +24 if:	 [0, 3]
  +52 br_if:	 [1, 2]
