func "_start":
   +3 -->  i32.const[3]
    -      local.set[0]
   +7 -->  loop[]
    -      call[func=1]
    -      call[func=2]
    -      call[func=3]
    -      call[func=4]
    -      call[func=5]
    -      local.get[0]
    -      i32.const[1]
    -      i32.ge_s
    -      if[]
  +26 -->  i32.const[123]
    -      drop
    -      else
  +31      i32.const[456]
    -      drop
    -      end
  +36 -->  local.get[0]
    -      call_indirect[sig=0,table=0]
    -      local.get[0]
    -      call[func=6]
    -      local.get[0]
    -      i32.const[1]
    -      i32.sub
    -      local.tee[0]
    -      br_if[depth=0]
  +54 -->  end
  +55 -->  end
func "foo":
   +1 -->  ref.func[func=3]
    -      call_ref[sig=0]
    -      end
func "bar":
   +1 -->  call[func=3]
    -      end
func "baz":
   +1 -->  end
func "rcall_bar":
   +1 -->  return_call[func=2]
    -      end
func "rcall_baz":
   +1 -->  ref.func[func=3]
    -      return_call_ref[sig=0]
    -      end
func "rcall_ind":
   +1 -->  local.get[0]
    -      return_call_indirect[sig=0,table=0]
    -      end
