----- reach 50%
----- reach 75%
----- reach 90%
----- reach 95%
----- reach 99%
---- reach 100%
func "_start":
   +3      1	i32.const[3]
   +5      1	local.set[0]
   +7      3	loop[]
   +9      3		call[func=1]
  +11      3		call[func=2]
  +13      3		call[func=3]
  +15      3		call[func=4]
  +17      3		call[func=5]
  +19      3		local.get[0]
  +21      3		i32.const[1]
  +23      3		i32.ge_s
  +24      3		if[]
  +26      3			i32.const[123]
  +29      3			drop
  +30      3		else
  +31      0			i32.const[456]
  +34      0			drop
  +35      3		end
  +36      3		local.get[0]
  +38      3		call_indirect[sig=0,table=0]
  +41      3		local.get[0]
  +43      3		call[func=6]
  +45      3		local.get[0]
  +47      3		i32.const[1]
  +49      3		i32.sub
  +50      3		local.tee[0]
  +52      3		br_if[depth=0]
  +54      1	end
  +55      1	end
func "foo":
   +1      3	ref.func[func=3]
   +3      3	call_ref[sig=0]
   +5      3	end
func "bar":
   +1      8	call[func=3]
   +3      8	end
func "baz":
   +1     21	end
func "rcall_bar":
   +1      3	return_call[func=2]
   +3      0	end
func "rcall_baz":
   +1      3	ref.func[func=3]
   +3      3	return_call_ref[sig=0]
   +5      0	end
func "rcall_ind":
   +1      3	local.get[0]
   +3      3	return_call_indirect[sig=0,table=0]
   +6      0	end
