     func "baz"   +1:            21
     func "bar"   +1:             8
     func "bar"   +3:             8
  func "_start"   +7:             3
  func "_start"   +9:             3
  func "_start"  +11:             3
  func "_start"  +13:             3
  func "_start"  +15:             3
  func "_start"  +17:             3
  func "_start"  +19:             3
  func "_start"  +21:             3
  func "_start"  +23:             3
  func "_start"  +24:             3
 13 instrs                reach 50%
  func "_start"  +26:             3
  func "_start"  +29:             3
  func "_start"  +30:             3
  func "_start"  +35:             3
  func "_start"  +36:             3
  func "_start"  +38:             3
  func "_start"  +41:             3
  func "_start"  +43:             3
  func "_start"  +45:             3
  func "_start"  +47:             3
  func "_start"  +49:             3
 24 instrs                reach 75%
  func "_start"  +50:             3
  func "_start"  +52:             3
     func "foo"   +1:             3
     func "foo"   +3:             3
     func "foo"   +5:             3
func "rcall_bar"   +1:             3
func "rcall_baz"   +1:             3
 31 instrs                reach 90%
func "rcall_baz"   +3:             3
func "rcall_ind"   +1:             3
 33 instrs                reach 95%
func "rcall_ind"   +3:             3
  func "_start"   +3:             1
  func "_start"   +5:             1
 36 instrs                reach 99%
  func "_start"  +54:             1
  func "_start"  +55:             1
 38 instrs               reach 100%
  func "_start"  +31:             0
  func "_start"  +34:             0
func "rcall_bar"   +3:             0
func "rcall_baz"   +5:             0
func "rcall_ind"   +6:             0
