func "_start":
   +3  * i32.const[10]
   +5  * local.set[0]
   +7  * loop[]
   +9  * call[func=1]
  +11  * call[func=2]
  +13  * call[func=1]
  +15  * call[func=3]
  +17  * call[func=1]
  +19  * call[func=1]
  +21  * call[func=1]
  +23  * call[func=2]
  +25  * call[func=2]
  +27  * call[func=1]
  +29  * local.get[0]
  +31  * i32.const[1]
  +33  * i32.sub
  +34  * local.tee[0]
  +36  * br_if[depth=0]
  +38  * end
  +39  * end
func "foo":
   +1  * global.get[0]
   +3  * drop
   +4  * end
func "bar":
   +1  * call[func=3]
   +3  * end
func "baz":
   +1  * i64.const[123]
   +4  * global.set[1]
   +6  * end
