Instr coverage:	28 / 28 (100.0%)
Block coverage:	7 / 7 (100.0%)
