     func "foo"   +1:            60
     func "foo"   +3:            60
     func "foo"   +4:            60
     func "baz"   +1:            40
     func "baz"   +4:            40
     func "baz"   +6:            40
  6 instrs                reach 50%
     func "bar"   +1:            30
     func "bar"   +3:            30
  func "_start"   +7:            10
  func "_start"   +9:            10
  func "_start"  +11:            10
  func "_start"  +13:            10
 12 instrs                reach 75%
  func "_start"  +15:            10
  func "_start"  +17:            10
  func "_start"  +19:            10
  func "_start"  +21:            10
  func "_start"  +23:            10
  func "_start"  +25:            10
  func "_start"  +27:            10
  func "_start"  +29:            10
 20 instrs                reach 90%
  func "_start"  +31:            10
  func "_start"  +33:            10
 22 instrs                reach 95%
  func "_start"  +34:            10
  func "_start"  +36:            10
 24 instrs                reach 99%
  func "_start"   +3:             1
  func "_start"   +5:             1
  func "_start"  +38:             1
  func "_start"  +39:             1
