digraph G {
  "#1_1" [label="#1"];
  "#4_2" [label="#4"];
  "#1_1" -> "#4_2";
  "#3_3" [label="#3"];
  "#1_1" -> "#3_3";
  "#4_4" [label="#4"];
  "#3_3" -> "#4_4";
  "#2_5" [label="#2"];
  "#1_1" -> "#2_5";
}
