digraph G {
  "main_1" [label="main"];
  "foo_2" [label="foo"];
  "main_1" -> "foo_2";
  "foo_3" [label="foo"];
  "foo_2" -> "foo_3";
  "foo_4" [label="foo"];
  "foo_3" -> "foo_4";
  "foo_5" [label="foo"];
  "foo_4" -> "foo_5";
  "start_6" [label="start"];
  "main_1" -> "start_6";
}
