digraph G {
  "#0_1" [label="#0"];
  "#1_2" [label="#1"];
  "#0_1" -> "#1_2";
}
