function_id,pc_offset,opcode,cost,wasm_func_trace
0,0,00,72,
81,0,START,0,
81,0,00,35,
81,0,01,27,
81,2,02,27,
81,4,00,32,66:S:15|10:S:18|10:E:18|66:E:18
81,0,END,0,
function_id,bytecode
81,/01/00/02/02/00
bytecode,cost,count
00,27,1
00,32,1
01,35,1
02,27,1
