digraph G {
  "main_1" [label="main"];
  "start_2" [label="start"];
  "main_1" -> "start_2";
  "baz_3" [label="baz"];
  "start_2" -> "baz_3";
  "bar_4" [label="bar"];
  "start_2" -> "bar_4";
  "baz_5" [label="baz"];
  "bar_4" -> "baz_5";
  "foo_6" [label="foo"];
  "start_2" -> "foo_6";
  "bar_7" [label="bar"];
  "foo_6" -> "bar_7";
  "baz_8" [label="baz"];
  "bar_7" -> "baz_8";
  "start_9" [label="start"];
  "baz_10" [label="baz"];
  "start_9" -> "baz_10";
  "bar_11" [label="bar"];
  "start_9" -> "bar_11";
  "baz_12" [label="baz"];
  "bar_11" -> "baz_12";
  "foo_13" [label="foo"];
  "start_9" -> "foo_13";
  "bar_14" [label="bar"];
  "foo_13" -> "bar_14";
  "baz_15" [label="baz"];
  "bar_14" -> "baz_15";
}
