function_id,pc_offset,opcode,cost,wasm_func_trace
0,0,00,72,
80,0,START,0,
80,0,00,27,
80,0,00,27,
80,2,00,27,
80,4,02,40,66:S:23|10:S:26|10:E:26|66:E:26
80,0,END,0,
function_id,bytecode
80,/00/01/00/02/02/00
bytecode,cost,count
00,27,2
02,27,1
02,40,1
