function_id,pc_offset,opcode,cost,wasm_func_trace
0,0,00,6,
65568,0,START,0,
65568,0,00,7,
65568,0,04,15,
65568,1,02,15,
65568,2,03,15,
65568,3,0D,21,
65568,6,07,14,
65608,0,START,0,
65608,0,00,7,
65608,0,01,15,
65608,1,01,15,
65608,2,02,15,
65608,3,03,15,
65608,4,0D,21,
65608,8,02,15,
65608,9,03,15,
65608,10,08,27,2:S:6|2:E:11
65608,11,07,14,
65592,0,START,0,
65592,0,00,7,
65592,0,01,15,
65592,1,02,15,
65592,2,03,15,
65592,3,04,15,
65592,4,05,15,
65592,5,06,12,
65592,0,END,0,
65608,0,00,15,
65608,13,0F,0,
65608,0,END,0,
65568,0,00,15,
65568,8,01,15,
65568,9,02,15,
65568,10,07,14,
65632,0,START,0,
65632,0,00,7,
65632,0,0D,21,
65632,3,09,27,3:S:3|4:S:4|5:S:5|5:E:5|6:S:8|7:S:9|7:E:9|6:E:10|4:E:11|3:E:11
65632,4,0E,21,
65632,2,0F,0,
65632,0,END,0,
65568,0,00,15,
65568,12,03,15,
65568,13,0F,0,
65568,0,END,0,
function_id,bytecode
65608,/01/01/02/03/0D/04/00/00/02/03/08/07/01/0F
65592,/01/02/03/04/05/06
65568,/04/02/03/0D/03/00/07/02/01/02/07/03/03/0F
65632,/0D/03/0F/09/0E/02
bytecode,cost,count
01,15,2
01,7,2
02,15,4
02,21,1
03,15,5
04,15,1
04,7,1
05,15,1
06,15,1
06,12,1
07,15,1
07,14,3
07,27,1
07,21,1
08,15,1
09,21,1
0D,15,2
0D,7,1
0E,27,1
0F,15,2
0F,21,1
0F,0,3
