<wasm func "main">()
  <wasm func "foo">()
  <wasm func "bar">()
    <wasm func "baz">()
  <wasm func "foo">()
  <wasm func "baz">()
  <wasm func "foo">()
  <wasm func "foo">()
  <wasm func "foo">()
  <wasm func "bar">()
    <wasm func "baz">()
  <wasm func "bar">()
    <wasm func "baz">()
  <wasm func "foo">()
  <wasm func "foo">()
  <wasm func "bar">()
    <wasm func "baz">()
  <wasm func "foo">()
  <wasm func "baz">()
  <wasm func "foo">()
  <wasm func "foo">()
  <wasm func "foo">()
  <wasm func "bar">()
    <wasm func "baz">()
  <wasm func "bar">()
    <wasm func "baz">()
  <wasm func "foo">()
  <wasm func "foo">()
  <wasm func "bar">()
    <wasm func "baz">()
  <wasm func "foo">()
  <wasm func "baz">()
  <wasm func "foo">()
  <wasm func "foo">()
  <wasm func "foo">()
  <wasm func "bar">()
    <wasm func "baz">()
  <wasm func "bar">()
    <wasm func "baz">()
  <wasm func "foo">()
  <wasm func "foo">()
  <wasm func "bar">()
    <wasm func "baz">()
  <wasm func "foo">()
  <wasm func "baz">()
  <wasm func "foo">()
  <wasm func "foo">()
  <wasm func "foo">()
  <wasm func "bar">()
    <wasm func "baz">()
  <wasm func "bar">()
    <wasm func "baz">()
  <wasm func "foo">()
  <wasm func "foo">()
  <wasm func "bar">()
    <wasm func "baz">()
  <wasm func "foo">()
  <wasm func "baz">()
  <wasm func "foo">()
  <wasm func "foo">()
  <wasm func "foo">()
  <wasm func "bar">()
    <wasm func "baz">()
  <wasm func "bar">()
    <wasm func "baz">()
  <wasm func "foo">()
  <wasm func "foo">()
  <wasm func "bar">()
    <wasm func "baz">()
  <wasm func "foo">()
  <wasm func "baz">()
  <wasm func "foo">()
  <wasm func "foo">()
  <wasm func "foo">()
  <wasm func "bar">()
    <wasm func "baz">()
  <wasm func "bar">()
    <wasm func "baz">()
  <wasm func "foo">()
  <wasm func "foo">()
  <wasm func "bar">()
    <wasm func "baz">()
  <wasm func "foo">()
  <wasm func "baz">()
  <wasm func "foo">()
  <wasm func "foo">()
  <wasm func "foo">()
  <wasm func "bar">()
    <wasm func "baz">()
  <wasm func "bar">()
    <wasm func "baz">()
  <wasm func "foo">()
  <wasm func "foo">()
  <wasm func "bar">()
    <wasm func "baz">()
  <wasm func "foo">()
  <wasm func "baz">()
  <wasm func "foo">()
  <wasm func "foo">()
  <wasm func "foo">()
  <wasm func "bar">()
    <wasm func "baz">()
  <wasm func "bar">()
    <wasm func "baz">()
  <wasm func "foo">()
  <wasm func "foo">()
  <wasm func "bar">()
    <wasm func "baz">()
  <wasm func "foo">()
  <wasm func "baz">()
  <wasm func "foo">()
  <wasm func "foo">()
  <wasm func "foo">()
  <wasm func "bar">()
    <wasm func "baz">()
  <wasm func "bar">()
    <wasm func "baz">()
  <wasm func "foo">()
  <wasm func "foo">()
  <wasm func "bar">()
    <wasm func "baz">()
  <wasm func "foo">()
  <wasm func "baz">()
  <wasm func "foo">()
  <wasm func "foo">()
  <wasm func "foo">()
  <wasm func "bar">()
    <wasm func "baz">()
  <wasm func "bar">()
    <wasm func "baz">()
  <wasm func "foo">()
