<wasm func "main"> +6
  <wasm func "foo"> +4
    !trap[UNREACHABLE]
