<wasm func "main"> +6
  <wasm func "foo"> +8
    !trap[DIV_BY_ZERO]
