Reading 40 bytes of lorem-ipsum.txt:
Lorem ipsum dolor sit amet, consectetur 