Lorem ipsum dolor sit amet, consectetur adipiscing elit.
Fusce sagittis non urna