Accessing element: 0
0
Accessing element: 1
1
Accessing element: 2
2
Accessing element: 3
3
Accessing element: 4
4
Accessing element: 5
5
Accessing element: 6
6
Accessing element: 7
7
