s0+0 e0+5,3
s0+7 e0+18,7
s0+7 e0+18,7
s0+7 e0+18,7
s0+7 e0+18,7
s0+7 e0+18,7
s0+20 e0+21,2
