monitor:0x7: error inserting Whamm! probe @bind: `opname` not supported dynamically (yet)
