monitor:0x7: error inserting Whamm! probe @bind: `fname` not supported dynamically (yet)
