monitor:0x7: error inserting Whamm! probe @bind: type mismatch on 'fname', expected (i32,i32), got: (i32,i64)
