F0,0
F1,0
F1,0
F2,0
X2,30
F1,0
X1,384
X1,376
F1,0
F3,0
F4,0
F5,0
X5,4
F6,0
F7,0
X7,3
X6,4
X4,9
X3,3
X1,376
X1,376
X0,14
