monitor:0x5: error inserting Whamm! probe whamm probe: expected static call return type i64, got i32
