monitor:0x6: error inserting Whamm! probe @bind: instruction argument type mismatch
