monitor:0x5: error inserting Whamm! probe @bind: cannot use 'local0' in static predicate
