monitor:0x6: error inserting Whamm! probe @bind: type mismatch on 'arg1', expected i32, got: i64
