monitor:0x2: error inserting Whamm! probe @bind: immediate out of bounds, max imm0, requested imm1
