monitor:0x2: error inserting Whamm! probe @bind: type mismatch on pc argument
