<wasm func #2> +8
  !trap[UNREACHABLE]
<wasm func #2> +8
  !trap[UNREACHABLE]
monitor:0x5: error inserting Whamm! probe whamm probe: static function threw exception
