monitor:0x2: error inserting Whamm! probe @bind: type mismatch on 'imm0', expected i32, got: i64
