monitor:0x10: error inserting Whamm! probe @bind: cannot use 'local1' in static predicate
