monitor:0x10: error inserting Whamm! probe @bind: cannot use dynamic data in static context (arg)
