monitor:0x2: error inserting Whamm! probe whamm probe: have not supported using fname dynamically yet.
