monitor:0x2: error inserting Whamm! probe whamm probe: Unable to bind with exported engine memory
