0xD8, 0x65, 0x88, 0x3C, 0xC5, 0xB5, 0x08, 0x9A, 0xAE, 0xEB, 0x89, 0x47, 0xB6, 0xE9, 0x55, 0xD6, 