wasi_flag_dir01.wasm: preopen path is invalid: nonexistent_dir
